[    3675ms] [ERROR] Failed to load resource: the server responded with a status of 500 () @ https://quest.ryopc.org/play:0
[    5126ms] [WARNING] The AudioContext was not allowed to start. It must be resumed (or created) after a user gesture on the page. https://developer.chrome.com/blog/autoplay/#web_audio @ https://quest.ryopc.org/_next/static/immutable/chunks/1ywj7mk0c-vzc.js:0
[    5127ms] [WARNING] The AudioContext was not allowed to start. It must be resumed (or created) after a user gesture on the page. https://developer.chrome.com/blog/autoplay/#web_audio @ https://quest.ryopc.org/_next/static/immutable/chunks/1ywj7mk0c-vzc.js:0
[    5127ms] [WARNING] The AudioContext was not allowed to start. It must be resumed (or created) after a user gesture on the page. https://developer.chrome.com/blog/autoplay/#web_audio @ https://quest.ryopc.org/_next/static/immutable/chunks/1ywj7mk0c-vzc.js:0
[    5232ms] [WARNING]     at new eG (https://quest.ryopc.org/_next/static/immutable/chunks/1ywj7mk0c-vzc.js:1:44374)
    at ta.createUI (https://quest.ryopc.org/_next/static/immutable/chunks/1ywj7mk0c-vzc.js:1:89290)
    at ta.init (https://quest.ryopc.org/_next/static/immutable/chunks/1ywj7mk0c-vzc.js:1:88791)
    at I.start (https://quest.ryopc.org/_next/static/immutable/chunks/1ywj7mk0c-vzc.js:1:8813)
    at https://quest.ryopc.org/_next/static/immutable/chunks/1ywj7mk0c-vzc.js:68:5064 @ https://quest.ryopc.org/_next/static/immutable/chunks/095xg71e-vq3j.js:19
[    5957ms] [WARNING]     at tn.generatePlayerSpritesheet (https://quest.ryopc.org/_next/static/immutable/chunks/1ywj7mk0c-vzc.js:1:77987)
    at tn.generateAll (https://quest.ryopc.org/_next/static/immutable/chunks/1ywj7mk0c-vzc.js:1:76340)
    at ta.generateAssetsWithProgress (https://quest.ryopc.org/_next/static/immutable/chunks/1ywj7mk0c-vzc.js:1:90172) @ https://quest.ryopc.org/_next/static/immutable/chunks/095xg71e-vq3j.js:19
[    5961ms] TypeError: e_.Texture.addToCache is not a function
    at tn.generatePlayerSpritesheet (https://quest.ryopc.org/_next/static/immutable/chunks/1ywj7mk0c-vzc.js:1:78046)
    at tn.generateAll (https://quest.ryopc.org/_next/static/immutable/chunks/1ywj7mk0c-vzc.js:1:76340)
    at ta.generateAssetsWithProgress (https://quest.ryopc.org/_next/static/immutable/chunks/1ywj7mk0c-vzc.js:1:90172)
[    6085ms] [WARNING] Error while trying to use the following icon from the Manifest: https://quest.ryopc.org/icon-192.png (Download error or resource isn't a valid image) @ https://quest.ryopc.org/play:0
[   25040ms] [ERROR] Failed to load resource: the server responded with a status of 500 () @ https://quest.ryopc.org/play:0
[   25339ms] [WARNING] The AudioContext was not allowed to start. It must be resumed (or created) after a user gesture on the page. https://developer.chrome.com/blog/autoplay/#web_audio @ https://quest.ryopc.org/_next/static/immutable/chunks/1ywj7mk0c-vzc.js:0
[   25339ms] [WARNING] The AudioContext was not allowed to start. It must be resumed (or created) after a user gesture on the page. https://developer.chrome.com/blog/autoplay/#web_audio @ https://quest.ryopc.org/_next/static/immutable/chunks/1ywj7mk0c-vzc.js:0
[   25339ms] [WARNING] The AudioContext was not allowed to start. It must be resumed (or created) after a user gesture on the page. https://developer.chrome.com/blog/autoplay/#web_audio @ https://quest.ryopc.org/_next/static/immutable/chunks/1ywj7mk0c-vzc.js:0
[   25537ms] [WARNING]     at new eG (https://quest.ryopc.org/_next/static/immutable/chunks/1ywj7mk0c-vzc.js:1:44374)
    at ta.createUI (https://quest.ryopc.org/_next/static/immutable/chunks/1ywj7mk0c-vzc.js:1:89290)
    at ta.init (https://quest.ryopc.org/_next/static/immutable/chunks/1ywj7mk0c-vzc.js:1:88791)
    at I.start (https://quest.ryopc.org/_next/static/immutable/chunks/1ywj7mk0c-vzc.js:1:8813)
    at https://quest.ryopc.org/_next/static/immutable/chunks/1ywj7mk0c-vzc.js:68:5064 @ https://quest.ryopc.org/_next/static/immutable/chunks/095xg71e-vq3j.js:19
[   25617ms] [WARNING] Error while trying to use the following icon from the Manifest: https://quest.ryopc.org/icon-192.png (Download error or resource isn't a valid image) @ https://quest.ryopc.org/play:0
[   25901ms] [WARNING]     at tn.generatePlayerSpritesheet (https://quest.ryopc.org/_next/static/immutable/chunks/1ywj7mk0c-vzc.js:1:77987)
    at tn.generateAll (https://quest.ryopc.org/_next/static/immutable/chunks/1ywj7mk0c-vzc.js:1:76340)
    at ta.generateAssetsWithProgress (https://quest.ryopc.org/_next/static/immutable/chunks/1ywj7mk0c-vzc.js:1:90172) @ https://quest.ryopc.org/_next/static/immutable/chunks/095xg71e-vq3j.js:19
[   25932ms] TypeError: e_.Texture.addToCache is not a function
    at tn.generatePlayerSpritesheet (https://quest.ryopc.org/_next/static/immutable/chunks/1ywj7mk0c-vzc.js:1:78046)
    at tn.generateAll (https://quest.ryopc.org/_next/static/immutable/chunks/1ywj7mk0c-vzc.js:1:76340)
    at ta.generateAssetsWithProgress (https://quest.ryopc.org/_next/static/immutable/chunks/1ywj7mk0c-vzc.js:1:90172)
[   28690ms] [WARNING] The AudioContext was not allowed to start. It must be resumed (or created) after a user gesture on the page. https://developer.chrome.com/blog/autoplay/#web_audio @ https://quest.ryopc.org/_next/static/immutable/chunks/1ywj7mk0c-vzc.js:0
