[    3379ms] [ERROR] Failed to load resource: the server responded with a status of 500 () @ https://quest.ryopc.org/play:0
[    3488ms] TypeError: Cannot read properties of undefined (reading 'clear')
    at ta.updateProgress (https://quest.ryopc.org/_next/static/immutable/chunks/2cjc-nlb5uf7p.js:1:92287)
    at ta.generateAssetsWithProgress (https://quest.ryopc.org/_next/static/immutable/chunks/2cjc-nlb5uf7p.js:1:90214)
    at ta.create (https://quest.ryopc.org/_next/static/immutable/chunks/2cjc-nlb5uf7p.js:1:89011)
    at I.start (https://quest.ryopc.org/_next/static/immutable/chunks/2cjc-nlb5uf7p.js:1:8822)
    at https://quest.ryopc.org/_next/static/immutable/chunks/2cjc-nlb5uf7p.js:68:5064
[    3496ms] Access to storage is not allowed from this context.
[    3497ms] Access to storage is not allowed from this context.
[    3497ms] Access to storage is not allowed from this context.
[    3497ms] Access to storage is not allowed from this context.
[    3735ms] [WARNING] Error while trying to use the following icon from the Manifest: https://quest.ryopc.org/icon-192.png (Download error or resource isn't a valid image) @ https://quest.ryopc.org/play:0
[   53368ms] [ERROR] Failed to load resource: the server responded with a status of 500 () @ https://quest.ryopc.org/play:0
[   53583ms] Access to storage is not allowed from this context.
[   53583ms] Access to storage is not allowed from this context.
[   53583ms] Access to storage is not allowed from this context.
[   53584ms] Access to storage is not allowed from this context.
[   54152ms] [WARNING] The AudioContext was not allowed to start. It must be resumed (or created) after a user gesture on the page. https://developer.chrome.com/blog/autoplay/#web_audio @ https://quest.ryopc.org/_next/static/immutable/chunks/3975ja0sinqy8.js:0
[   54152ms] [WARNING] The AudioContext was not allowed to start. It must be resumed (or created) after a user gesture on the page. https://developer.chrome.com/blog/autoplay/#web_audio @ https://quest.ryopc.org/_next/static/immutable/chunks/3975ja0sinqy8.js:0
[   54152ms] [WARNING] The AudioContext was not allowed to start. It must be resumed (or created) after a user gesture on the page. https://developer.chrome.com/blog/autoplay/#web_audio @ https://quest.ryopc.org/_next/static/immutable/chunks/3975ja0sinqy8.js:0
[   54331ms] [WARNING] Error while trying to use the following icon from the Manifest: https://quest.ryopc.org/icon-192.png (Download error or resource isn't a valid image) @ https://quest.ryopc.org/play:0
[   54527ms] TypeError: Cannot set properties of undefined (setting 'text')
    at ta.generateAssetsWithProgress (https://quest.ryopc.org/_next/static/immutable/chunks/3975ja0sinqy8.js:1:90292)
[   77545ms] [ERROR] Failed to load resource: the server responded with a status of 500 () @ https://quest.ryopc.org/play:0
[   77619ms] [WARNING] The AudioContext was not allowed to start. It must be resumed (or created) after a user gesture on the page. https://developer.chrome.com/blog/autoplay/#web_audio @ https://quest.ryopc.org/_next/static/immutable/chunks/3975ja0sinqy8.js:0
[   77619ms] [WARNING] The AudioContext was not allowed to start. It must be resumed (or created) after a user gesture on the page. https://developer.chrome.com/blog/autoplay/#web_audio @ https://quest.ryopc.org/_next/static/immutable/chunks/3975ja0sinqy8.js:0
[   77619ms] [WARNING] The AudioContext was not allowed to start. It must be resumed (or created) after a user gesture on the page. https://developer.chrome.com/blog/autoplay/#web_audio @ https://quest.ryopc.org/_next/static/immutable/chunks/3975ja0sinqy8.js:0
[   77998ms] [WARNING] Error while trying to use the following icon from the Manifest: https://quest.ryopc.org/icon-192.png (Download error or resource isn't a valid image) @ https://quest.ryopc.org/play:0
[   78081ms] TypeError: Cannot set properties of undefined (setting 'text')
    at ta.generateAssetsWithProgress (https://quest.ryopc.org/_next/static/immutable/chunks/3975ja0sinqy8.js:1:90292)
[   88482ms] [ERROR] Failed to load resource: the server responded with a status of 500 () @ https://quest.ryopc.org/play:0
[   89050ms] [WARNING] The AudioContext was not allowed to start. It must be resumed (or created) after a user gesture on the page. https://developer.chrome.com/blog/autoplay/#web_audio @ https://quest.ryopc.org/_next/static/immutable/chunks/3975ja0sinqy8.js:0
[   89050ms] [WARNING] The AudioContext was not allowed to start. It must be resumed (or created) after a user gesture on the page. https://developer.chrome.com/blog/autoplay/#web_audio @ https://quest.ryopc.org/_next/static/immutable/chunks/3975ja0sinqy8.js:0
[   89050ms] [WARNING] The AudioContext was not allowed to start. It must be resumed (or created) after a user gesture on the page. https://developer.chrome.com/blog/autoplay/#web_audio @ https://quest.ryopc.org/_next/static/immutable/chunks/3975ja0sinqy8.js:0
[   89248ms] [WARNING] Error while trying to use the following icon from the Manifest: https://quest.ryopc.org/icon-192.png (Download error or resource isn't a valid image) @ https://quest.ryopc.org/play:0
[   89541ms] TypeError: Cannot set properties of undefined (setting 'text')
    at ta.generateAssetsWithProgress (https://quest.ryopc.org/_next/static/immutable/chunks/3975ja0sinqy8.js:1:90292)
