[     204ms] Access to storage is not allowed from this context.
[     204ms] Access to storage is not allowed from this context.
[     205ms] Access to storage is not allowed from this context.
[     205ms] Access to storage is not allowed from this context.
[     348ms] [WARNING] Error while trying to use the following icon from the Manifest: https://task.ryopc.org/icon-192.png (Download error or resource isn't a valid image) @ https://task.ryopc.org/profile:0
[  538034ms] Access to storage is not allowed from this context.
[  538035ms] Access to storage is not allowed from this context.
[  538035ms] Access to storage is not allowed from this context.
[  538035ms] Access to storage is not allowed from this context.
[  538235ms] [WARNING] Error while trying to use the following icon from the Manifest: https://task.ryopc.org/icon-192.png (Download error or resource isn't a valid image) @ https://task.ryopc.org/profile:0
[  635602ms] Access to storage is not allowed from this context.
[  635603ms] Access to storage is not allowed from this context.
[  635603ms] Access to storage is not allowed from this context.
[  635603ms] Access to storage is not allowed from this context.
[  635635ms] [WARNING] Error while trying to use the following icon from the Manifest: https://task.ryopc.org/icon-192.png (Download error or resource isn't a valid image) @ https://task.ryopc.org/profile:0
[  643201ms] Access to storage is not allowed from this context.
[  643201ms] Access to storage is not allowed from this context.
[  643202ms] Access to storage is not allowed from this context.
[  643203ms] Access to storage is not allowed from this context.
[  643345ms] [WARNING] Error while trying to use the following icon from the Manifest: https://task.ryopc.org/icon-192.png (Download error or resource isn't a valid image) @ https://task.ryopc.org/dashboard:0
[  650293ms] Access to storage is not allowed from this context.
[  650293ms] Access to storage is not allowed from this context.
[  650293ms] Access to storage is not allowed from this context.
[  650293ms] Access to storage is not allowed from this context.
[  650370ms] [WARNING] Error while trying to use the following icon from the Manifest: https://task.ryopc.org/icon-192.png (Download error or resource isn't a valid image) @ https://task.ryopc.org/dashboard:0
[  655831ms] Access to storage is not allowed from this context.
[  655831ms] Access to storage is not allowed from this context.
[  655833ms] Access to storage is not allowed from this context.
[  655835ms] Access to storage is not allowed from this context.
[  655923ms] [WARNING] Error while trying to use the following icon from the Manifest: https://task.ryopc.org/icon-192.png (Download error or resource isn't a valid image) @ https://task.ryopc.org/login:0
[  660956ms] Access to storage is not allowed from this context.
[  660958ms] Access to storage is not allowed from this context.
[  660960ms] Access to storage is not allowed from this context.
[  660960ms] Access to storage is not allowed from this context.
[  661073ms] [WARNING] Error while trying to use the following icon from the Manifest: https://task.ryopc.org/icon-192.png (Download error or resource isn't a valid image) @ https://task.ryopc.org/dashboard:0
[  664840ms] [WARNING] Error while trying to use the following icon from the Manifest: https://task.ryopc.org/icon-192.png (Download error or resource isn't a valid image) @ https://task.ryopc.org/settings:0
[  666331ms] [VERBOSE] [DOM] Password forms should have (optionally hidden) username fields for accessibility: (More info: https://goo.gl/9p2vKq) %o @ https://task.ryopc.org/settings:0
[  673475ms] Access to storage is not allowed from this context.
[  673475ms] Access to storage is not allowed from this context.
[  673476ms] Access to storage is not allowed from this context.
[  673476ms] Access to storage is not allowed from this context.
[  673619ms] [WARNING] Error while trying to use the following icon from the Manifest: https://task.ryopc.org/icon-192.png (Download error or resource isn't a valid image) @ https://task.ryopc.org/dashboard:0
[  675522ms] Access to storage is not allowed from this context.
[  675522ms] Access to storage is not allowed from this context.
[  675522ms] Access to storage is not allowed from this context.
[  675527ms] Access to storage is not allowed from this context.
[  675668ms] [WARNING] Error while trying to use the following icon from the Manifest: https://task.ryopc.org/icon-192.png (Download error or resource isn't a valid image) @ https://task.ryopc.org/login:0
[  679786ms] Access to storage is not allowed from this context.
[  679786ms] Access to storage is not allowed from this context.
[  679787ms] Access to storage is not allowed from this context.
[  679787ms] Access to storage is not allowed from this context.
[  679920ms] [WARNING] Error while trying to use the following icon from the Manifest: https://task.ryopc.org/icon-192.png (Download error or resource isn't a valid image) @ https://task.ryopc.org/dashboard:0
[  685014ms] [WARNING] Error while trying to use the following icon from the Manifest: https://task.ryopc.org/icon-192.png (Download error or resource isn't a valid image) @ https://task.ryopc.org/dashboard:0
