[     127ms] [INFO] %cDownload the React DevTools for a better development experience: https://reactjs.org/link/react-devtools font-weight:bold @ http://localhost:5174/node_modules/.vite/deps/chunk-373CG7ZK.js?v=0c4ba20d:21548
[     177ms] [ERROR] Warning: Received `%s` for a non-boolean attribute `%s`.

If you want to write it to the DOM, pass a string instead: %s="%s" or %s={value.toString()}.%s true font-medium font-medium true font-medium 
    at span
    at div
    at div
    at div
    at http://localhost:5174/src/components/PlantDisplay.tsx:21:3
    at div
    at main
    at div
    at App (http://localhost:5174/src/App.tsx:39:37) @ http://localhost:5174/node_modules/.vite/deps/chunk-373CG7ZK.js?v=0c4ba20d:518
[     327ms] Access to storage is not allowed from this context.
[     328ms] Access to storage is not allowed from this context.
[     328ms] Access to storage is not allowed from this context.
[     328ms] Access to storage is not allowed from this context.
[   34811ms] [INFO] %cDownload the React DevTools for a better development experience: https://reactjs.org/link/react-devtools font-weight:bold @ http://localhost:5174/node_modules/.vite/deps/chunk-373CG7ZK.js?v=0c4ba20d:21548
[   34823ms] [ERROR] Warning: Received `%s` for a non-boolean attribute `%s`.

If you want to write it to the DOM, pass a string instead: %s="%s" or %s={value.toString()}.%s true font-medium font-medium true font-medium 
    at span
    at div
    at div
    at div
    at http://localhost:5174/src/components/PlantDisplay.tsx:21:3
    at div
    at main
    at div
    at App (http://localhost:5174/src/App.tsx:39:37) @ http://localhost:5174/node_modules/.vite/deps/chunk-373CG7ZK.js?v=0c4ba20d:518
[   34941ms] Access to storage is not allowed from this context.
[   34941ms] Access to storage is not allowed from this context.
[   34942ms] Access to storage is not allowed from this context.
[   34942ms] Access to storage is not allowed from this context.
